// Jest Snapshot v1, https://goo.gl/fbAQLP

exports[`example test should perform a snapshot test 1`] = `
<div>
  <h1>
    Hello!
  </h1>
  <p />
</div>
`;
